Archive member included to satisfy reference by file (symbol)

c:/program files (x86)/atmel/studio/7.0/toolchain/avr8/avr8-gnu-toolchain/bin/../lib/gcc/avr/5.4.0/avr5\libgcc.a(_divmodhi4.o)
                              Motor.o (__divmodhi4)
c:/program files (x86)/atmel/studio/7.0/toolchain/avr8/avr8-gnu-toolchain/bin/../lib/gcc/avr/5.4.0/avr5\libgcc.a(_exit.o)
                              C:/Program Files (x86)/Atmel/Studio/7.0/Packs/atmel/ATmega_DFP/1.7.374/gcc/dev/atmega328p/avr5/crtatmega328p.o (exit)
c:/program files (x86)/atmel/studio/7.0/toolchain/avr8/avr8-gnu-toolchain/bin/../lib/gcc/avr/5.4.0/avr5\libgcc.a(_copy_data.o)
                              LcdDisplay.o (__do_copy_data)
c:/program files (x86)/atmel/studio/7.0/toolchain/avr8/avr8-gnu-toolchain/bin/../lib/gcc/avr/5.4.0/avr5\libgcc.a(_clear_bss.o)
                              buttons.o (__do_clear_bss)
c:/program files (x86)/atmel/studio/7.0/toolchain/avr8/avr8-gnu-toolchain/bin/../lib/gcc/avr/5.4.0/avr5\libgcc.a(_udivmodhi4.o)
                              c:/program files (x86)/atmel/studio/7.0/toolchain/avr8/avr8-gnu-toolchain/bin/../lib/gcc/avr/5.4.0/avr5\libgcc.a(_divmodhi4.o) (__udivmodhi4)

Allocating common symbols
Common symbol       size              file

_lcd_maxx           0x1               lcd_i2cmaster.o
_lcd_x              0x1               lcd_i2cmaster.o
mode                0x1               main.o
motor               0x3               main.o
_lcd_y              0x1               lcd_i2cmaster.o

Discarded input sections

 .data          0x00000000        0x0 C:/Program Files (x86)/Atmel/Studio/7.0/Packs/atmel/ATmega_DFP/1.7.374/gcc/dev/atmega328p/avr5/crtatmega328p.o
 .bss           0x00000000        0x0 C:/Program Files (x86)/Atmel/Studio/7.0/Packs/atmel/ATmega_DFP/1.7.374/gcc/dev/atmega328p/avr5/crtatmega328p.o
 .text          0x00000000        0x0 buttons.o
 .data          0x00000000        0x0 buttons.o
 .bss           0x00000000        0x0 buttons.o
 .text          0x00000000        0x0 LcdDisplay.o
 .data          0x00000000        0x0 LcdDisplay.o
 .bss           0x00000000        0x0 LcdDisplay.o
 .text.printWelcomeScreen
                0x00000000       0x26 LcdDisplay.o
 .text.lcdDisplayInit
                0x00000000       0x18 LcdDisplay.o
 .text.print    0x00000000       0x3c LcdDisplay.o
 .progmem.data.__c.1788
                0x00000000        0x8 LcdDisplay.o
 .text          0x00000000        0x0 lcd_i2cmaster.o
 .data          0x00000000        0x0 lcd_i2cmaster.o
 .bss           0x00000000        0x0 lcd_i2cmaster.o
 .text.lcd_home
                0x00000000       0x12 lcd_i2cmaster.o
 .text.lcd_puts_p
                0x00000000       0x1e lcd_i2cmaster.o
 .text.lcd_command
                0x00000000        0x8 lcd_i2cmaster.o
 .text.lcd_data
                0x00000000        0x8 lcd_i2cmaster.o
 .text.lcd_init
                0x00000000       0xee lcd_i2cmaster.o
 .text.lcd_backlight
                0x00000000        0x8 lcd_i2cmaster.o
 .text          0x00000000        0x0 main.o
 .data          0x00000000        0x0 main.o
 .bss           0x00000000        0x0 main.o
 .text          0x00000000        0x0 Millis.o
 .data          0x00000000        0x0 Millis.o
 .bss           0x00000000        0x0 Millis.o
 .text          0x00000000        0x0 Motor.o
 .data          0x00000000        0x0 Motor.o
 .bss           0x00000000        0x0 Motor.o
 .text          0x00000000        0x0 RemoteControl.o
 .data          0x00000000        0x0 RemoteControl.o
 .bss           0x00000000        0x0 RemoteControl.o
 .text          0x00000000        0x0 SlaveMode.o
 .data          0x00000000        0x0 SlaveMode.o
 .bss           0x00000000        0x0 SlaveMode.o
 .text          0x00000000        0x0 SoftSerial.o
 .data          0x00000000        0x0 SoftSerial.o
 .bss           0x00000000        0x0 SoftSerial.o
 .text.SoftSerialTransmitByte
                0x00000000       0x72 SoftSerial.o
 .text.SoftSerialReceiveString
                0x00000000       0x3c SoftSerial.o
 .text.SoftSerialTransmitString
                0x00000000       0x1a SoftSerial.o
 .text          0x00000000        0x0 twimaster.o
 .data          0x00000000        0x0 twimaster.o
 .bss           0x00000000        0x0 twimaster.o
 .text.i2c_init
                0x00000000        0xc twimaster.o
 .text.i2c_start_wait
                0x00000000       0x4e twimaster.o
 .text.i2c_rep_start
                0x00000000        0x6 twimaster.o
 .text.i2c_readAck
                0x00000000       0x14 twimaster.o
 .text.i2c_readNak
                0x00000000       0x14 twimaster.o
 .text          0x00000000        0x0 c:/program files (x86)/atmel/studio/7.0/toolchain/avr8/avr8-gnu-toolchain/bin/../lib/gcc/avr/5.4.0/avr5\libgcc.a(_divmodhi4.o)
 .data          0x00000000        0x0 c:/program files (x86)/atmel/studio/7.0/toolchain/avr8/avr8-gnu-toolchain/bin/../lib/gcc/avr/5.4.0/avr5\libgcc.a(_divmodhi4.o)
 .bss           0x00000000        0x0 c:/program files (x86)/atmel/studio/7.0/toolchain/avr8/avr8-gnu-toolchain/bin/../lib/gcc/avr/5.4.0/avr5\libgcc.a(_divmodhi4.o)
 .text.libgcc.mul
                0x00000000        0x0 c:/program files (x86)/atmel/studio/7.0/toolchain/avr8/avr8-gnu-toolchain/bin/../lib/gcc/avr/5.4.0/avr5\libgcc.a(_divmodhi4.o)
 .text.libgcc   0x00000000        0x0 c:/program files (x86)/atmel/studio/7.0/toolchain/avr8/avr8-gnu-toolchain/bin/../lib/gcc/avr/5.4.0/avr5\libgcc.a(_divmodhi4.o)
 .text.libgcc.prologue
                0x00000000        0x0 c:/program files (x86)/atmel/studio/7.0/toolchain/avr8/avr8-gnu-toolchain/bin/../lib/gcc/avr/5.4.0/avr5\libgcc.a(_divmodhi4.o)
 .text.libgcc.builtins
                0x00000000        0x0 c:/program files (x86)/atmel/studio/7.0/toolchain/avr8/avr8-gnu-toolchain/bin/../lib/gcc/avr/5.4.0/avr5\libgcc.a(_divmodhi4.o)
 .text.libgcc.fmul
                0x00000000        0x0 c:/program files (x86)/atmel/studio/7.0/toolchain/avr8/avr8-gnu-toolchain/bin/../lib/gcc/avr/5.4.0/avr5\libgcc.a(_divmodhi4.o)
 .text.libgcc.fixed
                0x00000000        0x0 c:/program files (x86)/atmel/studio/7.0/toolchain/avr8/avr8-gnu-toolchain/bin/../lib/gcc/avr/5.4.0/avr5\libgcc.a(_divmodhi4.o)
 .text          0x00000000        0x0 c:/program files (x86)/atmel/studio/7.0/toolchain/avr8/avr8-gnu-toolchain/bin/../lib/gcc/avr/5.4.0/avr5\libgcc.a(_exit.o)
 .data          0x00000000        0x0 c:/program files (x86)/atmel/studio/7.0/toolchain/avr8/avr8-gnu-toolchain/bin/../lib/gcc/avr/5.4.0/avr5\libgcc.a(_exit.o)
 .bss           0x00000000        0x0 c:/program files (x86)/atmel/studio/7.0/toolchain/avr8/avr8-gnu-toolchain/bin/../lib/gcc/avr/5.4.0/avr5\libgcc.a(_exit.o)
 .text.libgcc.mul
                0x00000000        0x0 c:/program files (x86)/atmel/studio/7.0/toolchain/avr8/avr8-gnu-toolchain/bin/../lib/gcc/avr/5.4.0/avr5\libgcc.a(_exit.o)
 .text.libgcc.div
                0x00000000        0x0 c:/program files (x86)/atmel/studio/7.0/toolchain/avr8/avr8-gnu-toolchain/bin/../lib/gcc/avr/5.4.0/avr5\libgcc.a(_exit.o)
 .text.libgcc   0x00000000        0x0 c:/program files (x86)/atmel/studio/7.0/toolchain/avr8/avr8-gnu-toolchain/bin/../lib/gcc/avr/5.4.0/avr5\libgcc.a(_exit.o)
 .text.libgcc.prologue
                0x00000000        0x0 c:/program files (x86)/atmel/studio/7.0/toolchain/avr8/avr8-gnu-toolchain/bin/../lib/gcc/avr/5.4.0/avr5\libgcc.a(_exit.o)
 .text.libgcc.builtins
                0x00000000        0x0 c:/program files (x86)/atmel/studio/7.0/toolchain/avr8/avr8-gnu-toolchain/bin/../lib/gcc/avr/5.4.0/avr5\libgcc.a(_exit.o)
 .text.libgcc.fmul
                0x00000000        0x0 c:/program files (x86)/atmel/studio/7.0/toolchain/avr8/avr8-gnu-toolchain/bin/../lib/gcc/avr/5.4.0/avr5\libgcc.a(_exit.o)
 .text.libgcc.fixed
                0x00000000        0x0 c:/program files (x86)/atmel/studio/7.0/toolchain/avr8/avr8-gnu-toolchain/bin/../lib/gcc/avr/5.4.0/avr5\libgcc.a(_exit.o)
 .text          0x00000000        0x0 c:/program files (x86)/atmel/studio/7.0/toolchain/avr8/avr8-gnu-toolchain/bin/../lib/gcc/avr/5.4.0/avr5\libgcc.a(_copy_data.o)
 .data          0x00000000        0x0 c:/program files (x86)/atmel/studio/7.0/toolchain/avr8/avr8-gnu-toolchain/bin/../lib/gcc/avr/5.4.0/avr5\libgcc.a(_copy_data.o)
 .bss           0x00000000        0x0 c:/program files (x86)/atmel/studio/7.0/toolchain/avr8/avr8-gnu-toolchain/bin/../lib/gcc/avr/5.4.0/avr5\libgcc.a(_copy_data.o)
 .text.libgcc.mul
                0x00000000        0x0 c:/program files (x86)/atmel/studio/7.0/toolchain/avr8/avr8-gnu-toolchain/bin/../lib/gcc/avr/5.4.0/avr5\libgcc.a(_copy_data.o)
 .text.libgcc.div
                0x00000000        0x0 c:/program files (x86)/atmel/studio/7.0/toolchain/avr8/avr8-gnu-toolchain/bin/../lib/gcc/avr/5.4.0/avr5\libgcc.a(_copy_data.o)
 .text.libgcc   0x00000000        0x0 c:/program files (x86)/atmel/studio/7.0/toolchain/avr8/avr8-gnu-toolchain/bin/../lib/gcc/avr/5.4.0/avr5\libgcc.a(_copy_data.o)
 .text.libgcc.prologue
                0x00000000        0x0 c:/program files (x86)/atmel/studio/7.0/toolchain/avr8/avr8-gnu-toolchain/bin/../lib/gcc/avr/5.4.0/avr5\libgcc.a(_copy_data.o)
 .text.libgcc.builtins
                0x00000000        0x0 c:/program files (x86)/atmel/studio/7.0/toolchain/avr8/avr8-gnu-toolchain/bin/../lib/gcc/avr/5.4.0/avr5\libgcc.a(_copy_data.o)
 .text.libgcc.fmul
                0x00000000        0x0 c:/program files (x86)/atmel/studio/7.0/toolchain/avr8/avr8-gnu-toolchain/bin/../lib/gcc/avr/5.4.0/avr5\libgcc.a(_copy_data.o)
 .text.libgcc.fixed
                0x00000000        0x0 c:/program files (x86)/atmel/studio/7.0/toolchain/avr8/avr8-gnu-toolchain/bin/../lib/gcc/avr/5.4.0/avr5\libgcc.a(_copy_data.o)
 .text          0x00000000        0x0 c:/program files (x86)/atmel/studio/7.0/toolchain/avr8/avr8-gnu-toolchain/bin/../lib/gcc/avr/5.4.0/avr5\libgcc.a(_clear_bss.o)
 .data          0x00000000        0x0 c:/program files (x86)/atmel/studio/7.0/toolchain/avr8/avr8-gnu-toolchain/bin/../lib/gcc/avr/5.4.0/avr5\libgcc.a(_clear_bss.o)
 .bss           0x00000000        0x0 c:/program files (x86)/atmel/studio/7.0/toolchain/avr8/avr8-gnu-toolchain/bin/../lib/gcc/avr/5.4.0/avr5\libgcc.a(_clear_bss.o)
 .text.libgcc.mul
                0x00000000        0x0 c:/program files (x86)/atmel/studio/7.0/toolchain/avr8/avr8-gnu-toolchain/bin/../lib/gcc/avr/5.4.0/avr5\libgcc.a(_clear_bss.o)
 .text.libgcc.div
                0x00000000        0x0 c:/program files (x86)/atmel/studio/7.0/toolchain/avr8/avr8-gnu-toolchain/bin/../lib/gcc/avr/5.4.0/avr5\libgcc.a(_clear_bss.o)
 .text.libgcc   0x00000000        0x0 c:/program files (x86)/atmel/studio/7.0/toolchain/avr8/avr8-gnu-toolchain/bin/../lib/gcc/avr/5.4.0/avr5\libgcc.a(_clear_bss.o)
 .text.libgcc.prologue
                0x00000000        0x0 c:/program files (x86)/atmel/studio/7.0/toolchain/avr8/avr8-gnu-toolchain/bin/../lib/gcc/avr/5.4.0/avr5\libgcc.a(_clear_bss.o)
 .text.libgcc.builtins
                0x00000000        0x0 c:/program files (x86)/atmel/studio/7.0/toolchain/avr8/avr8-gnu-toolchain/bin/../lib/gcc/avr/5.4.0/avr5\libgcc.a(_clear_bss.o)
 .text.libgcc.fmul
                0x00000000        0x0 c:/program files (x86)/atmel/studio/7.0/toolchain/avr8/avr8-gnu-toolchain/bin/../lib/gcc/avr/5.4.0/avr5\libgcc.a(_clear_bss.o)
 .text.libgcc.fixed
                0x00000000        0x0 c:/program files (x86)/atmel/studio/7.0/toolchain/avr8/avr8-gnu-toolchain/bin/../lib/gcc/avr/5.4.0/avr5\libgcc.a(_clear_bss.o)
 .text          0x00000000        0x0 c:/program files (x86)/atmel/studio/7.0/toolchain/avr8/avr8-gnu-toolchain/bin/../lib/gcc/avr/5.4.0/avr5\libgcc.a(_udivmodhi4.o)
 .data          0x00000000        0x0 c:/program files (x86)/atmel/studio/7.0/toolchain/avr8/avr8-gnu-toolchain/bin/../lib/gcc/avr/5.4.0/avr5\libgcc.a(_udivmodhi4.o)
 .bss           0x00000000        0x0 c:/program files (x86)/atmel/studio/7.0/toolchain/avr8/avr8-gnu-toolchain/bin/../lib/gcc/avr/5.4.0/avr5\libgcc.a(_udivmodhi4.o)
 .text.libgcc.mul
                0x00000000        0x0 c:/program files (x86)/atmel/studio/7.0/toolchain/avr8/avr8-gnu-toolchain/bin/../lib/gcc/avr/5.4.0/avr5\libgcc.a(_udivmodhi4.o)
 .text.libgcc   0x00000000        0x0 c:/program files (x86)/atmel/studio/7.0/toolchain/avr8/avr8-gnu-toolchain/bin/../lib/gcc/avr/5.4.0/avr5\libgcc.a(_udivmodhi4.o)
 .text.libgcc.prologue
                0x00000000        0x0 c:/program files (x86)/atmel/studio/7.0/toolchain/avr8/avr8-gnu-toolchain/bin/../lib/gcc/avr/5.4.0/avr5\libgcc.a(_udivmodhi4.o)
 .text.libgcc.builtins
                0x00000000        0x0 c:/program files (x86)/atmel/studio/7.0/toolchain/avr8/avr8-gnu-toolchain/bin/../lib/gcc/avr/5.4.0/avr5\libgcc.a(_udivmodhi4.o)
 .text.libgcc.fmul
                0x00000000        0x0 c:/program files (x86)/atmel/studio/7.0/toolchain/avr8/avr8-gnu-toolchain/bin/../lib/gcc/avr/5.4.0/avr5\libgcc.a(_udivmodhi4.o)
 .text.libgcc.fixed
                0x00000000        0x0 c:/program files (x86)/atmel/studio/7.0/toolchain/avr8/avr8-gnu-toolchain/bin/../lib/gcc/avr/5.4.0/avr5\libgcc.a(_udivmodhi4.o)

Memory Configuration

Name             Origin             Length             Attributes
text             0x00000000         0x00008000         xr
data             0x00800100         0x00000800         rw !x
eeprom           0x00810000         0x00000400         rw !x
fuse             0x00820000         0x00000003         rw !x
lock             0x00830000         0x00000400         rw !x
signature        0x00840000         0x00000400         rw !x
user_signatures  0x00850000         0x00000400         rw !x
*default*        0x00000000         0xffffffff

Linker script and memory map

Address of section .data set to 0x800100
LOAD C:/Program Files (x86)/Atmel/Studio/7.0/Packs/atmel/ATmega_DFP/1.7.374/gcc/dev/atmega328p/avr5/crtatmega328p.o
LOAD buttons.o
LOAD LcdDisplay.o
LOAD lcd_i2cmaster.o
LOAD main.o
LOAD Millis.o
LOAD Motor.o
LOAD RemoteControl.o
LOAD SlaveMode.o
LOAD SoftSerial.o
LOAD twimaster.o
START GROUP
LOAD c:/program files (x86)/atmel/studio/7.0/toolchain/avr8/avr8-gnu-toolchain/bin/../lib/gcc/avr/5.4.0/../../../../avr/lib/avr5\libm.a
END GROUP
START GROUP
LOAD c:/program files (x86)/atmel/studio/7.0/toolchain/avr8/avr8-gnu-toolchain/bin/../lib/gcc/avr/5.4.0/avr5\libgcc.a
LOAD c:/program files (x86)/atmel/studio/7.0/toolchain/avr8/avr8-gnu-toolchain/bin/../lib/gcc/avr/5.4.0/../../../../avr/lib/avr5\libm.a
LOAD c:/program files (x86)/atmel/studio/7.0/toolchain/avr8/avr8-gnu-toolchain/bin/../lib/gcc/avr/5.4.0/../../../../avr/lib/avr5\libc.a
LOAD C:/Program Files (x86)/Atmel/Studio/7.0/Packs/atmel/ATmega_DFP/1.7.374/gcc/dev/atmega328p/avr5\libatmega328p.a
END GROUP
                0x00000000                __TEXT_REGION_ORIGIN__ = DEFINED (__TEXT_REGION_ORIGIN__)?__TEXT_REGION_ORIGIN__:0x0
                [0x00800100]                __DATA_REGION_ORIGIN__ = DEFINED (__DATA_REGION_ORIGIN__)?__DATA_REGION_ORIGIN__:0x800060
                [0x00008000]                __TEXT_REGION_LENGTH__ = DEFINED (__TEXT_REGION_LENGTH__)?__TEXT_REGION_LENGTH__:0x20000
                [0x00000800]                __DATA_REGION_LENGTH__ = DEFINED (__DATA_REGION_LENGTH__)?__DATA_REGION_LENGTH__:0xffa0
                [0x00000400]                __EEPROM_REGION_LENGTH__ = DEFINED (__EEPROM_REGION_LENGTH__)?__EEPROM_REGION_LENGTH__:0x10000
                [0x00000003]                __FUSE_REGION_LENGTH__ = DEFINED (__FUSE_REGION_LENGTH__)?__FUSE_REGION_LENGTH__:0x400
                0x00000400                __LOCK_REGION_LENGTH__ = DEFINED (__LOCK_REGION_LENGTH__)?__LOCK_REGION_LENGTH__:0x400
                0x00000400                __SIGNATURE_REGION_LENGTH__ = DEFINED (__SIGNATURE_REGION_LENGTH__)?__SIGNATURE_REGION_LENGTH__:0x400
                0x00000400                __USER_SIGNATURE_REGION_LENGTH__ = DEFINED (__USER_SIGNATURE_REGION_LENGTH__)?__USER_SIGNATURE_REGION_LENGTH__:0x400

.hash
 *(.hash)

.dynsym
 *(.dynsym)

.dynstr
 *(.dynstr)

.gnu.version
 *(.gnu.version)

.gnu.version_d
 *(.gnu.version_d)

.gnu.version_r
 *(.gnu.version_r)

.rel.init
 *(.rel.init)

.rela.init
 *(.rela.init)

.rel.text
 *(.rel.text)
 *(.rel.text.*)
 *(.rel.gnu.linkonce.t*)

.rela.text
 *(.rela.text)
 *(.rela.text.*)
 *(.rela.gnu.linkonce.t*)

.rel.fini
 *(.rel.fini)

.rela.fini
 *(.rela.fini)

.rel.rodata
 *(.rel.rodata)
 *(.rel.rodata.*)
 *(.rel.gnu.linkonce.r*)

.rela.rodata
 *(.rela.rodata)
 *(.rela.rodata.*)
 *(.rela.gnu.linkonce.r*)

.rel.data
 *(.rel.data)
 *(.rel.data.*)
 *(.rel.gnu.linkonce.d*)

.rela.data
 *(.rela.data)
 *(.rela.data.*)
 *(.rela.gnu.linkonce.d*)

.rel.ctors
 *(.rel.ctors)

.rela.ctors
 *(.rela.ctors)

.rel.dtors
 *(.rel.dtors)

.rela.dtors
 *(.rela.dtors)

.rel.got
 *(.rel.got)

.rela.got
 *(.rela.got)

.rel.bss
 *(.rel.bss)

.rela.bss
 *(.rela.bss)

.rel.plt
 *(.rel.plt)

.rela.plt
 *(.rela.plt)

.text           0x00000000      0xb12
 *(.vectors)
 .vectors       0x00000000       0x68 C:/Program Files (x86)/Atmel/Studio/7.0/Packs/atmel/ATmega_DFP/1.7.374/gcc/dev/atmega328p/avr5/crtatmega328p.o
                0x00000000                __vector_default
                0x00000000                __vectors
 *(.vectors)
 *(.progmem.gcc*)
                0x00000068                . = ALIGN (0x2)
                0x00000068                __trampolines_start = .
 *(.trampolines)
 .trampolines   0x00000068        0x0 linker stubs
 *(.trampolines*)
                0x00000068                __trampolines_end = .
 *libprintf_flt.a:*(.progmem.data)
 *libc.a:*(.progmem.data)
 *(.progmem*)
                0x00000068                . = ALIGN (0x2)
 *(.jumptables)
 *(.jumptables*)
 *(.lowtext)
 *(.lowtext*)
                0x00000068                __ctors_start = .
 *(.ctors)
                0x00000068                __ctors_end = .
                0x00000068                __dtors_start = .
 *(.dtors)
                0x00000068                __dtors_end = .
 SORT(*)(.ctors)
 SORT(*)(.dtors)
 *(.init0)
 .init0         0x00000068        0x0 C:/Program Files (x86)/Atmel/Studio/7.0/Packs/atmel/ATmega_DFP/1.7.374/gcc/dev/atmega328p/avr5/crtatmega328p.o
                0x00000068                __init
 *(.init0)
 *(.init1)
 *(.init1)
 *(.init2)
 .init2         0x00000068        0xc C:/Program Files (x86)/Atmel/Studio/7.0/Packs/atmel/ATmega_DFP/1.7.374/gcc/dev/atmega328p/avr5/crtatmega328p.o
 *(.init2)
 *(.init3)
 *(.init3)
 *(.init4)
 .init4         0x00000074       0x16 c:/program files (x86)/atmel/studio/7.0/toolchain/avr8/avr8-gnu-toolchain/bin/../lib/gcc/avr/5.4.0/avr5\libgcc.a(_copy_data.o)
                0x00000074                __do_copy_data
 .init4         0x0000008a       0x10 c:/program files (x86)/atmel/studio/7.0/toolchain/avr8/avr8-gnu-toolchain/bin/../lib/gcc/avr/5.4.0/avr5\libgcc.a(_clear_bss.o)
                0x0000008a                __do_clear_bss
 *(.init4)
 *(.init5)
 *(.init5)
 *(.init6)
 *(.init6)
 *(.init7)
 *(.init7)
 *(.init8)
 *(.init8)
 *(.init9)
 .init9         0x0000009a        0x8 C:/Program Files (x86)/Atmel/Studio/7.0/Packs/atmel/ATmega_DFP/1.7.374/gcc/dev/atmega328p/avr5/crtatmega328p.o
 *(.init9)
 *(.text)
 .text          0x000000a2        0x4 C:/Program Files (x86)/Atmel/Studio/7.0/Packs/atmel/ATmega_DFP/1.7.374/gcc/dev/atmega328p/avr5/crtatmega328p.o
                0x000000a2                __vector_22
                0x000000a2                __vector_24
                0x000000a2                __vector_12
                0x000000a2                __bad_interrupt
                0x000000a2                __vector_6
                0x000000a2                __vector_3
                0x000000a2                __vector_23
                0x000000a2                __vector_25
                0x000000a2                __vector_11
                0x000000a2                __vector_13
                0x000000a2                __vector_17
                0x000000a2                __vector_19
                0x000000a2                __vector_4
                0x000000a2                __vector_9
                0x000000a2                __vector_2
                0x000000a2                __vector_21
                0x000000a2                __vector_15
                0x000000a2                __vector_8
                0x000000a2                __vector_10
                0x000000a2                __vector_16
                0x000000a2                __vector_18
                0x000000a2                __vector_20
                0x000000a6                . = ALIGN (0x2)
 *(.text.*)
 .text.buttonsInit
                0x000000a6       0x28 buttons.o
                0x000000a6                buttonsInit
 .text.__vector_5
                0x000000ce       0xb6 buttons.o
                0x000000ce                __vector_5
 .text.scrollInMenu
                0x00000184        0x6 buttons.o
                0x00000184                scrollInMenu
 .text.selectMode
                0x0000018a        0x6 buttons.o
                0x0000018a                selectMode
 .text.printModeScreen
                0x00000190       0x64 LcdDisplay.o
                0x00000190                printModeScreen
 .text.printMenuScreen
                0x000001f4       0x64 LcdDisplay.o
                0x000001f4                printMenuScreen
 .text.I2C_WRITESEQ
                0x00000258       0x42 lcd_i2cmaster.o
                0x00000258                I2C_WRITESEQ
 .text.wr_lcd_mode
                0x0000029a       0x94 lcd_i2cmaster.o
 .text.lcd_gotoxy
                0x0000032e       0x2a lcd_i2cmaster.o
                0x0000032e                lcd_gotoxy
 .text.lcd_clrscr
                0x00000358       0x12 lcd_i2cmaster.o
                0x00000358                lcd_clrscr
 .text.lcd_putc
                0x0000036a       0x3e lcd_i2cmaster.o
                0x0000036a                lcd_putc
 .text.lcd_puts
                0x000003a8       0x1a lcd_i2cmaster.o
                0x000003a8                lcd_puts
 .text.setup    0x000003c2       0x28 main.o
                0x000003c2                setup
 .text.loop     0x000003ea      0x164 main.o
                0x000003ea                loop
 .text.main     0x0000054e        0xe main.o
                0x0000054e                main
 .text.millis_init
                0x0000055c       0x36 Millis.o
                0x0000055c                millis_init
 .text.__vector_7
                0x00000592       0x4a Millis.o
                0x00000592                __vector_7
 .text.millis   0x000005dc       0x16 Millis.o
                0x000005dc                millis
 .text.motorFunctie
                0x000005f2      0x10e Motor.o
                0x000005f2                motorFunctie
 .text.motorInit
                0x00000700       0x3a Motor.o
                0x00000700                motorInit
 .text.remoteControlInit
                0x0000073a        0x6 RemoteControl.o
                0x0000073a                remoteControlInit
 .text.remoteControl
                0x00000740       0x3a RemoteControl.o
                0x00000740                remoteControl
 .text.slaveModeInit
                0x0000077a        0xe SlaveMode.o
                0x0000077a                slaveModeInit
 .text.slaveMode
                0x00000788       0x6e SlaveMode.o
                0x00000788                slaveMode
 .text.__vector_1
                0x000007f6       0x5e SoftSerial.o
                0x000007f6                __vector_1
 .text.__vector_14
                0x00000854      0x138 SoftSerial.o
                0x00000854                __vector_14
 .text.SoftSerialInit
                0x0000098c       0x5a SoftSerial.o
                0x0000098c                SoftSerialInit
 .text.SoftSerialReceiveByte
                0x000009e6       0x22 SoftSerial.o
                0x000009e6                SoftSerialReceiveByte
 .text.SoftSerialUnread
                0x00000a08       0x36 SoftSerial.o
                0x00000a08                SoftSerialUnread
 .text.i2c_start
                0x00000a3e       0x4c twimaster.o
                0x00000a3e                i2c_start
 .text.i2c_stop
                0x00000a8a       0x10 twimaster.o
                0x00000a8a                i2c_stop
 .text.i2c_write
                0x00000a9a       0x24 twimaster.o
                0x00000a9a                i2c_write
 .text.libgcc.div
                0x00000abe       0x28 c:/program files (x86)/atmel/studio/7.0/toolchain/avr8/avr8-gnu-toolchain/bin/../lib/gcc/avr/5.4.0/avr5\libgcc.a(_divmodhi4.o)
                0x00000abe                _div
                0x00000abe                __divmodhi4
 .text.libgcc.div
                0x00000ae6       0x28 c:/program files (x86)/atmel/studio/7.0/toolchain/avr8/avr8-gnu-toolchain/bin/../lib/gcc/avr/5.4.0/avr5\libgcc.a(_udivmodhi4.o)
                0x00000ae6                __udivmodhi4
                0x00000b0e                . = ALIGN (0x2)
 *(.fini9)
 .fini9         0x00000b0e        0x0 c:/program files (x86)/atmel/studio/7.0/toolchain/avr8/avr8-gnu-toolchain/bin/../lib/gcc/avr/5.4.0/avr5\libgcc.a(_exit.o)
                0x00000b0e                _exit
                0x00000b0e                exit
 *(.fini9)
 *(.fini8)
 *(.fini8)
 *(.fini7)
 *(.fini7)
 *(.fini6)
 *(.fini6)
 *(.fini5)
 *(.fini5)
 *(.fini4)
 *(.fini4)
 *(.fini3)
 *(.fini3)
 *(.fini2)
 *(.fini2)
 *(.fini1)
 *(.fini1)
 *(.fini0)
 .fini0         0x00000b0e        0x4 c:/program files (x86)/atmel/studio/7.0/toolchain/avr8/avr8-gnu-toolchain/bin/../lib/gcc/avr/5.4.0/avr5\libgcc.a(_exit.o)
 *(.fini0)
                0x00000b12                _etext = .

.data           0x00800100       0x40 load address 0x00000b12
                0x00800100                PROVIDE (__data_start, .)
 *(.data)
 *(.data*)
 .data.backlight.1944
                0x00800100        0x1 lcd_i2cmaster.o
 .data._base_y  0x00800101        0x4 lcd_i2cmaster.o
 *(.gnu.linkonce.d*)
 *(.rodata)
 *(.rodata*)
 .rodata.str1.1
                0x00800105       0x3a LcdDisplay.o
 *(.gnu.linkonce.r*)
                0x00800140                . = ALIGN (0x2)
 *fill*         0x0080013f        0x1 
                0x00800140                _edata = .
                0x00800140                PROVIDE (__data_end, .)

.bss            0x00800140       0x62
                0x00800140                PROVIDE (__bss_start, .)
 *(.bss)
 *(.bss*)
 .bss.lastScrollButtonPress
                0x00800140        0x2 buttons.o
                0x00800140                lastScrollButtonPress
 .bss.lastSelectButtonPress
                0x00800142        0x2 buttons.o
                0x00800142                lastSelectButtonPress
 .bss.selectResetButtonState
                0x00800144        0x1 buttons.o
                0x00800144                selectResetButtonState
 .bss.scrollButtonState
                0x00800145        0x1 buttons.o
                0x00800145                scrollButtonState
 .bss.firstPrint
                0x00800146        0x2 main.o
                0x00800146                firstPrint
 .bss.lastPrint
                0x00800148        0x4 main.o
                0x00800148                lastPrint
 .bss.modeLock  0x0080014c        0x2 main.o
                0x0080014c                modeLock
 .bss.ms        0x0080014e        0x4 Millis.o
                0x0080014e                ms
 .bss.SoftSerialRXBitCount
                0x00800152        0x1 SoftSerial.o
 .bss.SoftSerialRXBits
                0x00800153        0x1 SoftSerial.o
 .bss.SoftSerialTXBitCount
                0x00800154        0x1 SoftSerial.o
 .bss.SoftSerialTXBits
                0x00800155        0x1 SoftSerial.o
 .bss.state     0x00800156        0x1 SoftSerial.o
 .bss.SoftSerial_TxTail
                0x00800157        0x1 SoftSerial.o
 .bss.SoftSerial_TxHead
                0x00800158        0x1 SoftSerial.o
 .bss.SoftSerial_TxBuf
                0x00800159       0x20 SoftSerial.o
 .bss.SoftSerial_RxTail
                0x00800179        0x1 SoftSerial.o
 .bss.SoftSerial_RxHead
                0x0080017a        0x1 SoftSerial.o
 .bss.SoftSerial_RxBuf
                0x0080017b       0x20 SoftSerial.o
 *(COMMON)
 COMMON         0x0080019b        0x3 lcd_i2cmaster.o
                0x0080019b                _lcd_maxx
                0x0080019c                _lcd_x
                0x0080019d                _lcd_y
 COMMON         0x0080019e        0x4 main.o
                0x0080019e                mode
                0x0080019f                motor
                0x008001a2                PROVIDE (__bss_end, .)
                0x00000b12                __data_load_start = LOADADDR (.data)
                0x00000b52                __data_load_end = (__data_load_start + SIZEOF (.data))

.noinit         0x008001a2        0x0
                [!provide]                PROVIDE (__noinit_start, .)
 *(.noinit*)
                [!provide]                PROVIDE (__noinit_end, .)
                0x008001a2                _end = .
                [!provide]                PROVIDE (__heap_start, .)

.eeprom         0x00810000        0x0
 *(.eeprom*)
                0x00810000                __eeprom_end = .

.fuse
 *(.fuse)
 *(.lfuse)
 *(.hfuse)
 *(.efuse)

.lock
 *(.lock*)

.signature
 *(.signature*)

.user_signatures
 *(.user_signatures*)

.stab
 *(.stab)

.stabstr
 *(.stabstr)

.stab.excl
 *(.stab.excl)

.stab.exclstr
 *(.stab.exclstr)

.stab.index
 *(.stab.index)

.stab.indexstr
 *(.stab.indexstr)

.comment        0x00000000       0x30
 *(.comment)
 .comment       0x00000000       0x30 buttons.o
                                 0x31 (size before relaxing)
 .comment       0x00000030       0x31 LcdDisplay.o
 .comment       0x00000030       0x31 lcd_i2cmaster.o
 .comment       0x00000030       0x31 main.o
 .comment       0x00000030       0x31 Millis.o
 .comment       0x00000030       0x31 Motor.o
 .comment       0x00000030       0x31 RemoteControl.o
 .comment       0x00000030       0x31 SlaveMode.o
 .comment       0x00000030       0x31 SoftSerial.o
 .comment       0x00000030       0x31 twimaster.o

.note.gnu.avr.deviceinfo
                0x00000000       0x40
 .note.gnu.avr.deviceinfo
                0x00000000       0x40 C:/Program Files (x86)/Atmel/Studio/7.0/Packs/atmel/ATmega_DFP/1.7.374/gcc/dev/atmega328p/avr5/crtatmega328p.o

.note.gnu.build-id
 *(.note.gnu.build-id)

.debug
 *(.debug)

.line
 *(.line)

.debug_srcinfo
 *(.debug_srcinfo)

.debug_sfnames
 *(.debug_sfnames)

.debug_aranges  0x00000000      0x278
 *(.debug_aranges)
 .debug_aranges
                0x00000000       0x38 buttons.o
 .debug_aranges
                0x00000038       0x40 LcdDisplay.o
 .debug_aranges
                0x00000078       0x78 lcd_i2cmaster.o
 .debug_aranges
                0x000000f0       0x30 main.o
 .debug_aranges
                0x00000120       0x30 Millis.o
 .debug_aranges
                0x00000150       0x28 Motor.o
 .debug_aranges
                0x00000178       0x28 RemoteControl.o
 .debug_aranges
                0x000001a0       0x28 SlaveMode.o
 .debug_aranges
                0x000001c8       0x58 SoftSerial.o
 .debug_aranges
                0x00000220       0x58 twimaster.o

.debug_pubnames
 *(.debug_pubnames)

.debug_info     0x00000000     0x1e8a
 *(.debug_info .gnu.linkonce.wi.*)
 .debug_info    0x00000000      0x5f4 C:/Program Files (x86)/Atmel/Studio/7.0/Packs/atmel/ATmega_DFP/1.7.374/gcc/dev/atmega328p/avr5/crtatmega328p.o
 .debug_info    0x000005f4      0x142 buttons.o
 .debug_info    0x00000736      0x4a3 LcdDisplay.o
 .debug_info    0x00000bd9      0x734 lcd_i2cmaster.o
 .debug_info    0x0000130d      0x2b8 main.o
 .debug_info    0x000015c5       0xf1 Millis.o
 .debug_info    0x000016b6       0xce Motor.o
 .debug_info    0x00001784      0x13a RemoteControl.o
 .debug_info    0x000018be       0xdf SlaveMode.o
 .debug_info    0x0000199d      0x330 SoftSerial.o
 .debug_info    0x00001ccd      0x1bd twimaster.o

.debug_abbrev   0x00000000      0xf21
 *(.debug_abbrev)
 .debug_abbrev  0x00000000      0x5a2 C:/Program Files (x86)/Atmel/Studio/7.0/Packs/atmel/ATmega_DFP/1.7.374/gcc/dev/atmega328p/avr5/crtatmega328p.o
 .debug_abbrev  0x000005a2       0xb6 buttons.o
 .debug_abbrev  0x00000658       0xd9 LcdDisplay.o
 .debug_abbrev  0x00000731      0x1ed lcd_i2cmaster.o
 .debug_abbrev  0x0000091e       0xf2 main.o
 .debug_abbrev  0x00000a10       0xac Millis.o
 .debug_abbrev  0x00000abc       0x89 Motor.o
 .debug_abbrev  0x00000b45       0xb7 RemoteControl.o
 .debug_abbrev  0x00000bfc       0x9a SlaveMode.o
 .debug_abbrev  0x00000c96      0x1a6 SoftSerial.o
 .debug_abbrev  0x00000e3c       0xe5 twimaster.o

.debug_line     0x00000000     0x14c8
 *(.debug_line .debug_line.* .debug_line_end)
 .debug_line    0x00000000      0x134 C:/Program Files (x86)/Atmel/Studio/7.0/Packs/atmel/ATmega_DFP/1.7.374/gcc/dev/atmega328p/avr5/crtatmega328p.o
 .debug_line    0x00000134      0x14c buttons.o
 .debug_line    0x00000280      0x1a9 LcdDisplay.o
 .debug_line    0x00000429      0x3c6 lcd_i2cmaster.o
 .debug_line    0x000007ef      0x228 main.o
 .debug_line    0x00000a17       0xfd Millis.o
 .debug_line    0x00000b14      0x1a9 Motor.o
 .debug_line    0x00000cbd       0xa4 RemoteControl.o
 .debug_line    0x00000d61      0x15e SlaveMode.o
 .debug_line    0x00000ebf      0x385 SoftSerial.o
 .debug_line    0x00001244      0x284 twimaster.o

.debug_frame    0x00000000      0x564
 *(.debug_frame)
 .debug_frame   0x00000000       0xb0 buttons.o
 .debug_frame   0x000000b0       0x74 LcdDisplay.o
 .debug_frame   0x00000124      0x14c lcd_i2cmaster.o
 .debug_frame   0x00000270       0x58 main.o
 .debug_frame   0x000002c8       0x64 Millis.o
 .debug_frame   0x0000032c       0x34 Motor.o
 .debug_frame   0x00000360       0x44 RemoteControl.o
 .debug_frame   0x000003a4       0x34 SlaveMode.o
 .debug_frame   0x000003d8       0xf8 SoftSerial.o
 .debug_frame   0x000004d0       0x94 twimaster.o

.debug_str      0x00000000      0x8d7
 *(.debug_str)
 .debug_str     0x00000000      0x208 C:/Program Files (x86)/Atmel/Studio/7.0/Packs/atmel/ATmega_DFP/1.7.374/gcc/dev/atmega328p/avr5/crtatmega328p.o
 .debug_str     0x00000208      0x1d8 buttons.o
                                0x20c (size before relaxing)
 .debug_str     0x000003e0       0xc0 LcdDisplay.o
                                0x22e (size before relaxing)
 .debug_str     0x000004a0      0x132 lcd_i2cmaster.o
                                0x300 (size before relaxing)
 .debug_str     0x000005d2       0xb8 main.o
                                0x29e (size before relaxing)
 .debug_str     0x0000068a       0x19 Millis.o
                                0x1a1 (size before relaxing)
 .debug_str     0x000006a3        0xd Motor.o
                                0x1a4 (size before relaxing)
 .debug_str     0x000006b0       0x4b RemoteControl.o
                                0x1fd (size before relaxing)
 .debug_str     0x000006fb       0x11 SlaveMode.o
                                0x1be (size before relaxing)
 .debug_str     0x0000070c      0x178 SoftSerial.o
                                0x32d (size before relaxing)
 .debug_str     0x00000884       0x53 twimaster.o
                                0x1ea (size before relaxing)

.debug_loc      0x00000000      0xd4e
 *(.debug_loc)
 .debug_loc     0x00000000       0xff buttons.o
 .debug_loc     0x000000ff      0x176 LcdDisplay.o
 .debug_loc     0x00000275      0x5ea lcd_i2cmaster.o
 .debug_loc     0x0000085f       0x49 main.o
 .debug_loc     0x000008a8       0x63 Millis.o
 .debug_loc     0x0000090b       0x6d Motor.o
 .debug_loc     0x00000978       0x6a RemoteControl.o
 .debug_loc     0x000009e2      0x252 SoftSerial.o
 .debug_loc     0x00000c34      0x11a twimaster.o

.debug_macinfo
 *(.debug_macinfo)

.debug_weaknames
 *(.debug_weaknames)

.debug_funcnames
 *(.debug_funcnames)

.debug_typenames
 *(.debug_typenames)

.debug_varnames
 *(.debug_varnames)

.debug_pubtypes
 *(.debug_pubtypes)

.debug_ranges   0x00000000      0x1f0
 *(.debug_ranges)
 .debug_ranges  0x00000000       0x28 buttons.o
 .debug_ranges  0x00000028       0x30 LcdDisplay.o
 .debug_ranges  0x00000058       0x80 lcd_i2cmaster.o
 .debug_ranges  0x000000d8       0x20 main.o
 .debug_ranges  0x000000f8       0x20 Millis.o
 .debug_ranges  0x00000118       0x18 Motor.o
 .debug_ranges  0x00000130       0x18 RemoteControl.o
 .debug_ranges  0x00000148       0x18 SlaveMode.o
 .debug_ranges  0x00000160       0x48 SoftSerial.o
 .debug_ranges  0x000001a8       0x48 twimaster.o

.debug_macro
 *(.debug_macro)
OUTPUT(Debugy.elf elf32-avr)
LOAD linker stubs
